
added 2 packages, removed 59 packages, changed 6 packages, and audited 22 packages in 2s

1 package is looking for funding
  run `npm fund` for details

found 0 vulnerabilities
npm notice run cue-daemon@1.0.0 pretest
npm notice run npm run build

> cue-daemon@1.0.0 build
> tsc -p tsconfig.json && node scripts/copy-assets.mjs

npm notice run cue-daemon@1.0.0 test
npm notice run vitest run --reporter=verbose --fileParallelism=false --maxWorkers=1 test/p9.test.ts test/p10c-renderer.test.ts test/p10c-electron-security.test.ts test/p11-electron-surface.test.ts

 RUN  v4.1.11 C:/Users/User/cue/daemon

 ✓ test/p9.test.ts > Phase 9 Electron shell > P9-1 has npm start and a main entrypoint 3ms
 ✓ test/p9.test.ts > Phase 9 Electron shell > P9-2 seals BrowserWindow and exposes an explicit preload API only 2ms
 ✓ test/p9.test.ts > Phase 9 Electron shell > P9-3 freezes channels, rejects unknown channels, and cannot execute before approval 94ms
 ✓ test/p9.test.ts > Phase 9 Electron shell > P9-4 first-run setup chooses a workspace once and reuses the persisted choice 11ms
 ✓ test/p9.test.ts > Phase 9 Electron shell > P9-4 treats a cancelled workspace picker as cancellation and persists nothing 2ms
 ✓ test/p9.test.ts > Phase 9 Electron shell > P9-4 rejects a tampered persisted config instead of trusting stale paths 9ms
 ✓ test/p9.test.ts > Phase 9 Electron shell > P9-4 creates first-run config once, reuses it, and stores no credentials 11ms
 ✓ test/p9.test.ts > Phase 9 Electron shell > P9-5 closes the owned daemon and never restarts after crash 70ms
 ✓ test/p9.test.ts > Phase 9 Electron shell > P9-6/P9-7 records approval and default autonomy without widening the envelope 70ms
 ✓ test/p9.test.ts > Phase 9 Electron shell > P9-8 emits no notification during normal progress 72ms
 ✓ test/p9.test.ts > Phase 9 Electron shell > P9-9 polls ledger-backed status and exposes an actual stop control 1ms
 ✓ test/p9.test.ts > Phase 9 Electron shell > P9-10 builds completion totals only from ledger rows 3429ms
 ✓ test/p9.test.ts > Phase 9 Electron shell > P9-11 app core has no static Buzz dependency 2ms
 ✓ test/p10c-renderer.test.ts > renderer ledger-grounded transport errors > keeps the last running ledger card and retries after a polling transport failure 668ms
 ✓ test/p10c-renderer.test.ts > renderer ledger-grounded transport errors > preserves running state and re-enables stop when stop transport fails 77ms
 ✓ test/p10c-electron-security.test.ts > Electron renderer defense in depth > ships a restrictive CSP that allows only packaged scripts and styles 1ms
 ✓ test/p10c-electron-security.test.ts > Electron renderer defense in depth > allows only the packaged renderer URL and denies every new window 10ms
 ✓ test/p11-electron-surface.test.ts > P11 four-function renderer boundary > exposes exactly the original four functions at preload execution 3ms
 ✓ test/p11-electron-surface.test.ts > P11 four-function renderer boundary > status reads cannot execute and unknown operations are refused 1ms

 Test Files  4 passed (4)
      Tests  19 passed (19)
   Start at  12:01:26
   Duration  6.71s (transform 190ms, setup 0ms, import 1.42s, tests 4.54s, environment 0ms)

npm notice run cue-desktop@1.0.0 prestart
npm notice run npm --prefix daemon run build
npm notice run cue-daemon@1.0.0 build
npm notice run tsc -p tsconfig.json && node scripts/copy-assets.mjs
npm notice run cue-desktop@1.0.0 start
npm notice run electron . --inspect=127.0.0.1:9437
Downloading Electron binary...

Debugger listening on ws://127.0.0.1:9437/1cd30de9-7b07-43a1-94fb-c5ddef14d2d4
For help, see: https://nodejs.org/learn/getting-started/debugging
Debugger attached.
Debugger ending on ws://127.0.0.1:9437/1cd30de9-7b07-43a1-94fb-c5ddef14d2d4
For help, see: https://nodejs.org/learn/getting-started/debugging
npm notice run cue-desktop@1.0.0 prestart
npm notice run npm --prefix daemon run build
npm notice run cue-daemon@1.0.0 build
npm notice run tsc -p tsconfig.json && node scripts/copy-assets.mjs
npm notice run cue-desktop@1.0.0 start
npm notice run electron . --inspect=127.0.0.1:9438

Debugger listening on ws://127.0.0.1:9438/8c4a0fe3-df0f-42b8-be1f-175129c5ac34
For help, see: https://nodejs.org/learn/getting-started/debugging
Debugger attached.
Debugger ending on ws://127.0.0.1:9438/8c4a0fe3-df0f-42b8-be1f-175129c5ac34
For help, see: https://nodejs.org/learn/getting-started/debugging
Cue startup failed: Error: workspace selection cancelled
    at initializeFirstRunConfig (file:///C:/Users/User/cue/app/first-run.mjs:12:24)
    at async file:///C:/Users/User/cue/app/main.mjs:88:18
