npm notice run cue-daemon@1.0.0 build
npm notice run tsc -p tsconfig.json && node scripts/copy-assets.mjs
test/p11-writer-corrective.test.ts(50,61): error TS2322: Type '() => void' is not assignable to type '() => never'.
  Type 'void' is not assignable to type 'never'.
test/p11-writer-corrective.test.ts(63,55): error TS2322: Type '() => void' is not assignable to type '() => never'.
  Type 'void' is not assignable to type 'never'.
npm notice run cue-daemon@1.0.0 build
npm notice run tsc -p tsconfig.json && node scripts/copy-assets.mjs
npm notice run cue-daemon@1.0.0 npx
npm notice run vitest run test/p11-writer-corrective.test.ts --reporter=verbose --fileParallelism=false --maxWorkers=1

 RUN  v4.1.11 C:/Users/User/cue/daemon

 × test/p11-writer-corrective.test.ts > P11 corrective writer security > refuses overlapping worktrees across ledgers: parent then child 182ms
   → expected [Function] to throw an error
 × test/p11-writer-corrective.test.ts > P11 corrective writer security > refuses overlapping worktrees across ledgers: child then parent 140ms
   → expected [Function] to throw an error
 × test/p11-writer-corrective.test.ts > P11 corrective writer security > refuses overlapping worktrees across ledgers: junction child alias 135ms
   → expected [Function] to throw an error
 × test/p11-writer-corrective.test.ts > P11 corrective writer security > failed stop quarantines the daemon and retains the writer lease 85ms
   → expected [Function] to not throw an error but 'Error: tree termination could not be …' was thrown
 × test/p11-writer-corrective.test.ts > P11 corrective writer security > retains ownership through late completion after stop failure 207ms
   → expected 'ready' to be 'blocked/crash' // Object.is equality
 × test/p11-writer-corrective.test.ts > P11 corrective writer security > retains ownership through termination rejection 201ms
   → expected 'ready' to be 'blocked/crash' // Object.is equality
 × test/p11-writer-corrective.test.ts > P11 corrective writer security > retains ownership through termination result 200ms
   → expected 'ready' to be 'blocked/crash' // Object.is equality
 × test/p11-writer-corrective.test.ts > P11 corrective writer security > failed initial process query cannot be mistaken for a dead session 112ms
   → expected [Function] to throw an error
 × test/p11-writer-corrective.test.ts > P11 corrective writer security > refuses a worktree overlapping protected state 82ms
   → expected [Function] to throw an error
 × test/p11-writer-corrective.test.ts > P11 corrective writer security > refuses a worktree overlapping protected sourceHome 83ms
   → expected [Function] to throw an error
 × test/p11-writer-corrective.test.ts > P11 corrective writer security > refuses a worktree overlapping protected homeRoot 79ms
   → expected [Function] to throw an error
 × test/p11-writer-corrective.test.ts > P11 corrective writer security > refuses a worktree overlapping protected missing homeRoot under junction 76ms
   → expected [Function] to throw an error

⎯⎯⎯⎯⎯⎯ Failed Tests 12 ⎯⎯⎯⎯⎯⎯⎯

 FAIL  test/p11-writer-corrective.test.ts > P11 corrective writer security > refuses overlapping worktrees across ledgers: parent then child
 FAIL  test/p11-writer-corrective.test.ts > P11 corrective writer security > refuses overlapping worktrees across ledgers: child then parent
 FAIL  test/p11-writer-corrective.test.ts > P11 corrective writer security > refuses overlapping worktrees across ledgers: junction child alias
AssertionError: expected [Function] to throw an error

- Expected:
null

+ Received:
undefined

 ❯ test/p11-writer-corrective.test.ts:44:131
     42|       const first = new AppDaemon(initializeConfig(join(root, 'first-s…
     43|       let second: AppDaemon | undefined;
     44|       try { expect(() => { second = new AppDaemon(initializeConfig(joi…
       |                                                                                                                                   ^
     45|       finally { second?.close(); }
     46|     });

⎯⎯⎯⎯⎯⎯⎯⎯⎯⎯⎯⎯⎯⎯⎯⎯⎯⎯⎯⎯⎯⎯⎯[1/12]⎯

 FAIL  test/p11-writer-corrective.test.ts > P11 corrective writer security > failed stop quarantines the daemon and retains the writer lease
AssertionError: expected [Function] to not throw an error but 'Error: tree termination could not be …' was thrown

- Expected:
undefined

+ Received:
"Error: tree termination could not be verified"

 ❯ test/p11-writer-corrective.test.ts:51:40
     49|     const { daemon } = seed(); const runtime = { session: { pid: 99999…
     50|     (daemon as any).own('r', runtime); restore.push(() => { runtime.st…
     51|     expect(() => daemon.stop('r')).not.toThrow();
       |                                        ^
     52|     expect(daemon.status).toBe('blocked/crash'); retained(daemon);
     53|     expect(daemon.db.prepare("SELECT state,blocked_reason FROM task WH…

⎯⎯⎯⎯⎯⎯⎯⎯⎯⎯⎯⎯⎯⎯⎯⎯⎯⎯⎯⎯⎯⎯⎯[2/12]⎯

 FAIL  test/p11-writer-corrective.test.ts > P11 corrective writer security > retains ownership through late completion after stop failure
 FAIL  test/p11-writer-corrective.test.ts > P11 corrective writer security > retains ownership through termination rejection
 FAIL  test/p11-writer-corrective.test.ts > P11 corrective writer security > retains ownership through termination result
AssertionError: expected 'ready' to be 'blocked/crash' // Object.is equality

Expected: "blocked/crash"
Received: "ready"

 ❯ test/p11-writer-corrective.test.ts:71:34
     69|       else resolveDone({ status: 'failed', failureKind: 'termination',…
     70|       await new Promise(resolve => setTimeout(resolve, 100));
     71|       expect(core.daemon.status).toBe('blocked/crash'); retained(core.…
       |                                  ^
     72|       expect(core.completion(run.taskId)).toMatchObject({ state: 'bloc…
     73|       const next = core.prepareGoal('Create next.txt', 1); core.approv…

⎯⎯⎯⎯⎯⎯⎯⎯⎯⎯⎯⎯⎯⎯⎯⎯⎯⎯⎯⎯⎯⎯⎯[3/12]⎯

 FAIL  test/p11-writer-corrective.test.ts > P11 corrective writer security > failed initial process query cannot be mistaken for a dead session
AssertionError: expected [Function] to throw an error

- Expected:
null

+ Received:
undefined

 ❯ test/p11-writer-corrective.test.ts:81:55
     79|     daemon.db.prepare('INSERT INTO session_handle VALUES(?,?,?,?,?,?)'…
     80|     vi.spyOn(processLaunch, 'runProcessSync').mockReturnValue({ status…
     81|     expect(() => fenceInterruptedSessions(daemon.db)).toThrow(/query.*…
       |                                                       ^
     82|     retained(daemon);
     83|     expect(daemon.db.prepare("SELECT count(*) n FROM artifact WHERE ki…

⎯⎯⎯⎯⎯⎯⎯⎯⎯⎯⎯⎯⎯⎯⎯⎯⎯⎯⎯⎯⎯⎯⎯[4/12]⎯

 FAIL  test/p11-writer-corrective.test.ts > P11 corrective writer security > refuses a worktree overlapping protected state
 FAIL  test/p11-writer-corrective.test.ts > P11 corrective writer security > refuses a worktree overlapping protected sourceHome
 FAIL  test/p11-writer-corrective.test.ts > P11 corrective writer security > refuses a worktree overlapping protected homeRoot
 FAIL  test/p11-writer-corrective.test.ts > P11 corrective writer security > refuses a worktree overlapping protected missing homeRoot under junction
AssertionError: expected [Function] to throw an error

- Expected:
null

+ Received:
undefined

 ❯ test/p11-writer-corrective.test.ts:94:126
     92|       if (kind === 'missing homeRoot under junction') { const alias = …
     93|       let core: ReturnType<typeof createCueCore> | undefined;
     94|       try { expect(() => { core = createCueCore(initializeConfig(state…
       |                                                                                                                              ^
     95|       finally { core?.close(); }
     96|     });

⎯⎯⎯⎯⎯⎯⎯⎯⎯⎯⎯⎯⎯⎯⎯⎯⎯⎯⎯⎯⎯⎯⎯[5/12]⎯


 Test Files  1 failed (1)
      Tests  12 failed (12)
   Start at  12:17:22
   Duration  2.44s (transform 166ms, setup 0ms, import 533ms, tests 1.58s, environment 0ms)

EXIT_CODE=1
