
 RUN  v4.1.11 C:/Users/User/cue/daemon

 × test/p11-termination.test.ts > P11 fail-closed process termination > brands a thrown launch-resolution error as unverified termination 7ms
   → expected [Function] to throw error matching /CUE_TERMINATION_UNVERIFIED/ but got 'executable not found'
 ✓ test/p11-termination.test.ts > P11 fail-closed process termination > refuses to declare termination when the process-tree observation fails 1ms
 ✓ test/p11-termination.test.ts > P11 fail-closed process termination > refuses to declare termination after a failed kill while the attributed process is alive 2020ms

⎯⎯⎯⎯⎯⎯⎯ Failed Tests 1 ⎯⎯⎯⎯⎯⎯⎯

 FAIL  test/p11-termination.test.ts > P11 fail-closed process termination > brands a thrown launch-resolution error as unverified termination
AssertionError: expected [Function] to throw error matching /CUE_TERMINATION_UNVERIFIED/ but got 'executable not found'

- Expected:
/CUE_TERMINATION_UNVERIFIED/

+ Received:
"executable not found"

 ❯ test/p11-termination.test.ts:10:40
      8|     vi.spyOn(launch, 'runProcessSync').mockImplementation(() => { thro…
      9|     const child = { pid: 123456789, exitCode: null, signalCode: null, …
     10|     expect(() => terminateTree(child)).toThrow(/CUE_TERMINATION_UNVERI…
       |                                        ^
     11|   });
     12|   it('refuses to declare termination when the process-tree observation…

⎯⎯⎯⎯⎯⎯⎯⎯⎯⎯⎯⎯⎯⎯⎯⎯⎯⎯⎯⎯⎯⎯⎯⎯[1/1]⎯


 Test Files  1 failed (1)
      Tests  1 failed | 2 passed (3)
   Start at  12:22:47
   Duration  2.49s (transform 101ms, setup 0ms, import 254ms, tests 2.03s, environment 0ms)

