npm notice run cue-daemon@1.0.0 npx
npm notice run vitest run test/p12-process-ownership.test.ts -t unverified process-tree cleanup --reporter=verbose

 RUN  v4.1.11 C:/Users/User/cue/daemon

 × test/p12-process-ownership.test.ts > P12 post-spawn ownership failure > marks an unverified process-tree cleanup as terminal containment failure 5ms
   → expected 'undefined' to be 'function' // Object.is equality
 ↓ test/p12-process-ownership.test.ts > P12 post-spawn ownership failure > terminates and verifies the spawned process tree when session persistence fails

⎯⎯⎯⎯⎯⎯⎯ Failed Tests 1 ⎯⎯⎯⎯⎯⎯⎯

 FAIL  test/p12-process-ownership.test.ts > P12 post-spawn ownership failure > marks an unverified process-tree cleanup as terminal containment failure
AssertionError: expected 'undefined' to be 'function' // Object.is equality

Expected: "function"
Received: "undefined"

 ❯ test/p12-process-ownership.test.ts:16:30
     14|   it('marks an unverified process-tree cleanup as terminal containment…
     15|     const terminate = (processLaunch as any).terminateUnownedProcessTr…
     16|     expect(typeof terminate).toBe('function');
       |                              ^
     17|     expect(() => terminate(12345, {
     18|       taskkill: () => ({ status: 5, stderr: 'denied' }),

⎯⎯⎯⎯⎯⎯⎯⎯⎯⎯⎯⎯⎯⎯⎯⎯⎯⎯⎯⎯⎯⎯⎯⎯[1/1]⎯


 Test Files  1 failed (1)
      Tests  1 failed | 1 skipped (2)
   Start at  17:48:23
   Duration  277ms (transform 38ms, setup 0ms, import 98ms, tests 6ms, environment 0ms)

