npm notice run cue-daemon@1.0.0 npx
npm notice run vitest run test/p12-crash-queue.test.ts --reporter=verbose

 RUN  v4.1.11 C:/Users/User/cue/daemon

 × test/p12-crash-queue.test.ts > P12 crash-safe queued writer lifecycle > terminalizes queued approvals and never promotes them after the active controller settles 144ms
   → expected { …(16) } to match object { state: 'blocked', …(1) }
(14 matching properties omitted from actual)

⎯⎯⎯⎯⎯⎯⎯ Failed Tests 1 ⎯⎯⎯⎯⎯⎯⎯

 FAIL  test/p12-crash-queue.test.ts > P12 crash-safe queued writer lifecycle > terminalizes queued approvals and never promotes them after the active controller settles
AssertionError: expected { …(16) } to match object { state: 'blocked', …(1) }
(14 matching properties omitted from actual)

- Expected
+ Received

  {
-   "blockedReason": "crash",
-   "state": "blocked",
+   "blockedReason": null,
+   "state": "queued",
  }

 ❯ test/p12-crash-queue.test.ts:50:46
     48|
     49|       expect(core.completion(active.taskId)).toMatchObject({ state: 'b…
     50|       expect(core.completion(queued.taskId)).toMatchObject({ state: 'b…
       |                                              ^
     51|       expect(launchHost).toHaveBeenCalledTimes(1);
     52|       expect(core.daemon.db.prepare("SELECT count(*) AS n FROM task WH…

⎯⎯⎯⎯⎯⎯⎯⎯⎯⎯⎯⎯⎯⎯⎯⎯⎯⎯⎯⎯⎯⎯⎯⎯[1/1]⎯


 Test Files  1 failed (1)
      Tests  1 failed (1)
   Start at  14:49:33
   Duration  761ms (transform 128ms, setup 0ms, import 406ms, tests 145ms, environment 0ms)

