npm notice run cue-daemon@1.0.0 npx
npm notice run vitest run test/p12-source-manifest.test.ts --reporter=verbose

 RUN  v4.1.11 C:/Users/User/cue/daemon

 × test/p12-source-manifest.test.ts > P12 source manifest binding > hashes staged blobs rather than dirty working files and excludes evidence 698ms
   → expected +0 not to be +0 // Object.is equality

⎯⎯⎯⎯⎯⎯⎯ Failed Tests 1 ⎯⎯⎯⎯⎯⎯⎯

 FAIL  test/p12-source-manifest.test.ts > P12 source manifest binding > hashes staged blobs rather than dirty working files and excludes evidence
AssertionError: expected +0 not to be +0 // Object.is equality
 ❯ test/p12-source-manifest.test.ts:44:36
     42|       encoding: 'utf8',
     43|     });
     44|     expect(dirtyResult.status).not.toBe(0);
       |                                    ^
     45|     expect(dirtyResult.stderr).toContain('unstaged or untracked source…
     46|

⎯⎯⎯⎯⎯⎯⎯⎯⎯⎯⎯⎯⎯⎯⎯⎯⎯⎯⎯⎯⎯⎯⎯⎯[1/1]⎯


 Test Files  1 failed (1)
      Tests  1 failed (1)
   Start at  17:32:12
   Duration  1.83s (transform 54ms, setup 0ms, import 92ms, tests 699ms, environment 0ms)

