npm notice run cue-daemon@1.0.0 npx
npm notice run vitest run test/p12-terminal-transaction.test.ts -t unexpected recovery exception --reporter=verbose

 RUN  v4.1.11 C:/Users/User/cue/daemon

 × test/p12-terminal-transaction.test.ts > P12 terminal transaction fail-closed lifecycle > releases the settled runtime handle after an unexpected recovery exception commits 165ms
   → expected true to be false // Object.is equality
 ↓ test/p12-terminal-transaction.test.ts > P12 terminal transaction fail-closed lifecycle > quarantines launch-configuration terminalization when lease release aborts
 ↓ test/p12-terminal-transaction.test.ts > P12 terminal transaction fail-closed lifecycle > quarantines a queued stop when its terminal transaction aborts
 ↓ test/p12-terminal-transaction.test.ts > P12 terminal transaction fail-closed lifecycle > quarantines a user stop when its lease-release transaction aborts
 ↓ test/p12-terminal-transaction.test.ts > P12 terminal transaction fail-closed lifecycle > 'normal completion' quarantines the writer and terminalizes its queue when lease release aborts
 ↓ test/p12-terminal-transaction.test.ts > P12 terminal transaction fail-closed lifecycle > 'controller crash' quarantines the writer and terminalizes its queue when lease release aborts
 ↓ test/p12-terminal-transaction.test.ts > P12 terminal transaction fail-closed lifecycle > 'worker hard-kill' quarantines the writer and terminalizes its queue when lease release aborts

⎯⎯⎯⎯⎯⎯⎯ Failed Tests 1 ⎯⎯⎯⎯⎯⎯⎯

 FAIL  test/p12-terminal-transaction.test.ts > P12 terminal transaction fail-closed lifecycle > releases the settled runtime handle after an unexpected recovery exception commits
AssertionError: expected true to be false // Object.is equality

- Expected
+ Received

- false
+ true

 ❯ test/p12-terminal-transaction.test.ts:88:55
     86|       expect(core.completion(active.taskId)).toMatchObject({ blockedRe…
     87|       expect(core.daemon.status).toBe('ready');
     88|       expect(core.daemon.stop(active.runId, 'probe')).toBe(false);
       |                                                       ^
     89|       expect(stop).not.toHaveBeenCalled();
     90|     } finally {

⎯⎯⎯⎯⎯⎯⎯⎯⎯⎯⎯⎯⎯⎯⎯⎯⎯⎯⎯⎯⎯⎯⎯⎯[1/1]⎯


 Test Files  1 failed (1)
      Tests  1 failed | 6 skipped (7)
   Start at  16:17:27
   Duration  904ms (transform 168ms, setup 0ms, import 504ms, tests 166ms, environment 0ms)

