npm notice run cue-daemon@1.0.0 npx
npm notice run vitest run test/p12-worker-preflight.test.ts -t network preflight --reporter=verbose

 RUN  v4.1.11 C:/Users/User/cue/daemon

 ↓ test/p12-worker-preflight.test.ts > P12 typed worker boundary violations > classifies an outside-worktree absolute path as a terminal filesystem violation
 × test/p12-worker-preflight.test.ts > P12 typed worker boundary violations > classifies a network preflight denial as a terminal network violation 14ms
   → expected Error: network action is outside the capa… to match object { …(2) }

⎯⎯⎯⎯⎯⎯⎯ Failed Tests 1 ⎯⎯⎯⎯⎯⎯⎯

 FAIL  test/p12-worker-preflight.test.ts > P12 typed worker boundary violations > classifies a network preflight denial as a terminal network violation
AssertionError: expected Error: network action is outside the capa… to match object { …(2) }

- Expected
+ Received

- {
-   "code": "CUE_WORKER_ENFORCEMENT_VIOLATION",
-   "violation": "network_gate",
+ Error {
+   "message": "network action is outside the capability-zero envelope",
  }

 ❯ test/p12-worker-preflight.test.ts:67:10
     65|           cwd: worktree,
     66|         },
     67|       ))).rejects.toMatchObject({
       |          ^
     68|         code: 'CUE_WORKER_ENFORCEMENT_VIOLATION',
     69|         violation: 'network_gate',

⎯⎯⎯⎯⎯⎯⎯⎯⎯⎯⎯⎯⎯⎯⎯⎯⎯⎯⎯⎯⎯⎯⎯⎯[1/1]⎯


 Test Files  1 failed (1)
      Tests  1 failed | 1 skipped (2)
   Start at  14:04:01
   Duration  324ms (transform 65ms, setup 0ms, import 155ms, tests 15ms, environment 0ms)

