npm notice run cue-daemon@1.0.0 npx
npm notice run vitest run test/p12-worker-preflight.test.ts -t network preflight --reporter=verbose

 RUN  v4.1.11 C:/Users/User/cue/daemon

 ↓ test/p12-worker-preflight.test.ts > P12 typed worker boundary violations > classifies an outside-worktree absolute path as a terminal filesystem violation
 × test/p12-worker-preflight.test.ts > P12 typed worker boundary violations > classifies a network preflight denial as a terminal network violation 13ms
   → expected [] to deep equally contain { kind: 'enforcement_violation', …(1) }
 ↓ test/p12-worker-preflight.test.ts > P12 typed worker boundary violations > classifies a worktree-local executable denial as terminal executable sealing

⎯⎯⎯⎯⎯⎯⎯ Failed Tests 1 ⎯⎯⎯⎯⎯⎯⎯

 FAIL  test/p12-worker-preflight.test.ts > P12 typed worker boundary violations > classifies a network preflight denial as a terminal network violation
AssertionError: expected [] to deep equally contain { kind: 'enforcement_violation', …(1) }

- Expected:
{
  "content": "network_gate",
  "kind": "enforcement_violation",
}

+ Received:
[]

 ❯ test/p12-worker-preflight.test.ts:75:114
     73|         violation: 'network_gate',
     74|       });
     75|       expect(db.prepare("SELECT kind,content FROM artifact WHERE run_i…
       |                                                                                                                  ^
     76|         kind: 'enforcement_violation',
     77|         content: 'network_gate',

⎯⎯⎯⎯⎯⎯⎯⎯⎯⎯⎯⎯⎯⎯⎯⎯⎯⎯⎯⎯⎯⎯⎯⎯[1/1]⎯


 Test Files  1 failed (1)
      Tests  1 failed | 2 skipped (3)
   Start at  14:06:48
   Duration  337ms (transform 68ms, setup 0ms, import 163ms, tests 14ms, environment 0ms)

