npm notice run cue-daemon@1.0.0 npx
npm notice run vitest run test/p12-stop-harness.test.ts --reporter=verbose

 RUN  v4.1.11 C:/Users/User/cue/daemon

 × test/p12-stop-harness.test.ts > P12 stop-canary path ownership > rejects a caller-owned non-empty root without deleting it 28558ms
   → expected +0 not to be +0 // Object.is equality

⎯⎯⎯⎯⎯⎯⎯ Failed Tests 1 ⎯⎯⎯⎯⎯⎯⎯

 FAIL  test/p12-stop-harness.test.ts > P12 stop-canary path ownership > rejects a caller-owned non-empty root without deleting it
AssertionError: expected +0 not to be +0 // Object.is equality
 ❯ test/p12-stop-harness.test.ts:26:31
     24|     });
     25|
     26|     expect(result.status).not.toBe(0);
       |                               ^
     27|     expect(existsSync(sentinel)).toBe(true);
     28|     expect(`${result.stdout}\n${result.stderr}`).toContain('P12 stop f…

⎯⎯⎯⎯⎯⎯⎯⎯⎯⎯⎯⎯⎯⎯⎯⎯⎯⎯⎯⎯⎯⎯⎯⎯[1/1]⎯


 Test Files  1 failed (1)
      Tests  1 failed (1)
   Start at  15:56:09
   Duration  28.79s (transform 16ms, setup 0ms, import 48ms, tests 28.56s, environment 0ms)

