npm notice run cue-daemon@0.1.0 pretest
npm notice run npm run build
npm notice run cue-daemon@0.1.0 build
npm notice run tsc -p tsconfig.json && node scripts/copy-assets.mjs
npm notice run cue-daemon@0.1.0 test
npm notice run vitest run --reporter=verbose --fileParallelism=false --maxWorkers=1 p13-lifecycle-harness -t H10

 RUN  v4.1.11 C:/Users/User/cue/daemon

 ↓ test/p13-lifecycle-harness.test.ts > P13 R-7a lifecycle harness sensitivity (fixtures only) > H1 RED: P1 fails when the tool leaves a child running after a stop request
 ↓ test/p13-lifecycle-harness.test.ts > P13 R-7a lifecycle harness sensitivity (fixtures only) > H2 GREEN: P1 passes when the tool takes its children down with it
 ↓ test/p13-lifecycle-harness.test.ts > P13 R-7a lifecycle harness sensitivity (fixtures only) > H3 RED: P3 fails when a child outlives a hard-killed supervisor
 ↓ test/p13-lifecycle-harness.test.ts > P13 R-7a lifecycle harness sensitivity (fixtures only) > H4 GREEN: P3 passes when nothing outlives a hard-killed supervisor
 ↓ test/p13-lifecycle-harness.test.ts > P13 R-7a lifecycle harness sensitivity (fixtures only) > H5 the verdict ignores identical processes outside this run
 ↓ test/p13-lifecycle-harness.test.ts > P13 R-7a lifecycle harness sensitivity (fixtures only) > H6 a stop budget that expires is a FAIL, not an inconclusive result
 ↓ test/p13-lifecycle-harness.test.ts > P13 R-7a lifecycle harness sensitivity (fixtures only) > H7 GREEN: an obedient tool leaves no residue on the NORMAL exit path
 ↓ test/p13-lifecycle-harness.test.ts > P13 R-7a lifecycle harness sensitivity (fixtures only) > H8 RED: the normal path catches residue the stop path would hide
 ↓ test/p13-lifecycle-harness.test.ts > P13 R-7a lifecycle harness sensitivity (fixtures only) > H9 RED: a subject that never exits is a FAIL, not a clean normal path
 × test/p13-lifecycle-harness.test.ts > P13 R-7a lifecycle harness sensitivity (fixtures only) > H10 B5 needs all three paths; two green paths do not carry the third 7ms
   → an unmeasured path must never pass by omission: expected true to be false // Object.is equality
 ↓ test/p13-lifecycle-harness.test.ts > P13 R-7a lifecycle harness sensitivity (fixtures only) > H11 B5 GREEN only when all three paths are independently clean
 ↓ test/p13-lifecycle-harness.test.ts > P13 R-7a lifecycle harness sensitivity (fixtures only) > H12 B5 RED: one dirty path sinks the verdict even if the others are clean

⎯⎯⎯⎯⎯⎯⎯ Failed Tests 1 ⎯⎯⎯⎯⎯⎯⎯

 FAIL  test/p13-lifecycle-harness.test.ts > P13 R-7a lifecycle harness sensitivity (fixtures only) > H10 B5 needs all three paths; two green paths do not carry the third
AssertionError: an unmeasured path must never pass by omission: expected true to be false // Object.is equality

- Expected
+ Received

- false
+ true

 ❯ test/p13-lifecycle-harness.test.ts:140:78
    138|     ];
    139|     const partial = summarizeResidue(twoPaths);
    140|     expect(partial.passed, 'an unmeasured path must never pass by omis…
       |                                                                              ^
    141|     expect(partial.detail).toMatch(/unmeasured on: crash/);
    142|   });

⎯⎯⎯⎯⎯⎯⎯⎯⎯⎯⎯⎯⎯⎯⎯⎯⎯⎯⎯⎯⎯⎯⎯⎯[1/1]⎯


 Test Files  1 failed (1)
      Tests  1 failed | 11 skipped (12)
   Start at  22:00:47
   Duration  401ms (transform 80ms, setup 0ms, import 171ms, tests 9ms, environment 0ms)

exit=1
