npm notice run cue-daemon@0.1.0 pretest
npm notice run npm run build
npm notice run cue-daemon@0.1.0 build
npm notice run tsc -p tsconfig.json && node scripts/copy-assets.mjs
npm notice run cue-daemon@0.1.0 test
npm notice run vitest run --reporter=verbose --fileParallelism=false --maxWorkers=1 p9

 RUN  v4.1.11 C:/Users/User/cue/daemon

 ✓ test/p9.test.ts > Phase 9 Electron shell > P9-1 has npm start and a main entrypoint 3ms
 ✓ test/p9.test.ts > Phase 9 Electron shell > P9-2 seals BrowserWindow and exposes an explicit preload API only 2ms
 ✓ test/p9.test.ts > Phase 9 Electron shell > P9-3 freezes channels, rejects unknown channels, and cannot execute before approval 157ms
 ✓ test/p9.test.ts > Phase 9 Electron shell > P9-4 first-run setup chooses a workspace once and reuses the persisted choice 11ms
 ✓ test/p9.test.ts > Phase 9 Electron shell > P9-4 treats a cancelled workspace picker as cancellation and persists nothing 3ms
 ✓ test/p9.test.ts > Phase 9 Electron shell > P9-4 rejects a tampered persisted config instead of trusting stale paths 11ms
 ✓ test/p9.test.ts > Phase 9 Electron shell > P9-4 creates first-run config once, reuses it, and stores no credentials 10ms
 ✓ test/p9.test.ts > Phase 9 Electron shell > P9-5 closes the owned daemon and never restarts after crash 113ms
 ✓ test/p9.test.ts > Phase 9 Electron shell > P9-6/P9-7 records approval and default autonomy without widening the envelope 103ms
 ✓ test/p9.test.ts > Phase 9 Electron shell > P9-8 emits no notification during normal progress 96ms
 ✓ test/p9.test.ts > Phase 9 Electron shell > P9-9 polls ledger-backed status and exposes an actual stop control 1ms
 ✓ test/p9.test.ts > Phase 9 Electron shell > P9-10 builds completion totals only from ledger rows 7801ms
 ✓ test/p9.test.ts > Phase 9 Electron shell > P9-11 app core has no static Buzz dependency 2ms

 Test Files  1 passed (1)
      Tests  13 passed (13)
   Start at  04:25:16
   Duration  9.23s (transform 197ms, setup 0ms, import 588ms, tests 8.31s, environment 0ms)

exit=0
