npm notice run cue-daemon@0.1.0 pretest
npm notice run npm run build
npm notice run cue-daemon@0.1.0 build
npm notice run tsc -p tsconfig.json && node scripts/copy-assets.mjs
npm notice run cue-daemon@0.1.0 test
npm notice run vitest run --reporter=verbose --fileParallelism=false --maxWorkers=1 p13-lifecycle p9

 RUN  v4.1.11 C:/Users/User/cue/daemon

 ✓ test/p9.test.ts > Phase 9 Electron shell > P9-1 has npm start and a main entrypoint 2ms
 ✓ test/p9.test.ts > Phase 9 Electron shell > P9-2 seals BrowserWindow and exposes an explicit preload API only 2ms
 ✓ test/p9.test.ts > Phase 9 Electron shell > P9-3 freezes channels, rejects unknown channels, and cannot execute before approval 127ms
 ✓ test/p9.test.ts > Phase 9 Electron shell > P9-4 first-run setup chooses a workspace once and reuses the persisted choice 11ms
 ✓ test/p9.test.ts > Phase 9 Electron shell > P9-4 treats a cancelled workspace picker as cancellation and persists nothing 2ms
 ✓ test/p9.test.ts > Phase 9 Electron shell > P9-4 rejects a tampered persisted config instead of trusting stale paths 9ms
 ✓ test/p9.test.ts > Phase 9 Electron shell > P9-4 creates first-run config once, reuses it, and stores no credentials 11ms
 ✓ test/p9.test.ts > Phase 9 Electron shell > P9-5 closes the owned daemon and never restarts after crash 81ms
 ✓ test/p9.test.ts > Phase 9 Electron shell > P9-6/P9-7 records approval and default autonomy without widening the envelope 80ms
 ✓ test/p9.test.ts > Phase 9 Electron shell > P9-8 emits no notification during normal progress 71ms
 ✓ test/p9.test.ts > Phase 9 Electron shell > P9-9 polls ledger-backed status and exposes an actual stop control 1ms
 × test/p9.test.ts > Phase 9 Electron shell > P9-10 builds completion totals only from ledger rows 7499ms
   → EBUSY: resource busy or locked, unlink 'D:\Temp\User\cue-p9-2s3mUU\data\cue-ledger.sqlite'
 ✓ test/p9.test.ts > Phase 9 Electron shell > P9-11 app core has no static Buzz dependency 2ms
 ✓ test/p13-lifecycle-barrier.test.ts > P13 runtime lifecycle barrier > P13-L1 close does not resolve until every owned runtime has settled its teardown 159ms
 ✓ test/p13-lifecycle-barrier.test.ts > P13 runtime lifecycle barrier > P13-L2 stop retains the runtime handle until its teardown settles 139ms
 ✓ test/p13-lifecycle-barrier.test.ts > P13 runtime lifecycle barrier > P13-L3 the runtime stop path signals termination without deleting the credential home 1ms
 ✓ test/p13-lifecycle-barrier.test.ts > P13 runtime lifecycle barrier > P13-L4 the Electron quit path blocks the first quit and awaits the close barrier 163ms
 ✓ test/p13-lifecycle-barrier.test.ts > P13 runtime lifecycle barrier > P13-L5 main.mjs delegates quit to the guarded barrier instead of a fire-and-forget close 1ms

⎯⎯⎯⎯⎯⎯⎯ Failed Tests 1 ⎯⎯⎯⎯⎯⎯⎯

 FAIL  test/p9.test.ts > Phase 9 Electron shell > P9-10 builds completion totals only from ledger rows
Error: EBUSY: resource busy or locked, unlink 'D:\Temp\User\cue-p9-2s3mUU\data\cue-ledger.sqlite'
⎯⎯⎯⎯⎯⎯⎯⎯⎯⎯⎯⎯⎯⎯⎯⎯⎯⎯⎯⎯⎯⎯⎯⎯⎯⎯⎯⎯⎯⎯
Serialized Error: { errno: -4082, code: 'EBUSY', syscall: 'unlink', path: 'D:\Temp\User\cue-p9-2s3mUU\data\cue-ledger.sqlite' }
⎯⎯⎯⎯⎯⎯⎯⎯⎯⎯⎯⎯⎯⎯⎯⎯⎯⎯⎯⎯⎯⎯⎯⎯[1/1]⎯


 Test Files  1 failed | 1 passed (2)
      Tests  1 failed | 17 passed (18)
   Start at  09:47:15
   Duration  9.41s (transform 204ms, setup 0ms, import 548ms, tests 8.37s, environment 0ms)

exit=1
