npm notice run cue-daemon@0.1.0 pretest
npm notice run npm run build
npm notice run cue-daemon@0.1.0 build
npm notice run tsc -p tsconfig.json && node scripts/copy-assets.mjs
npm notice run cue-daemon@0.1.0 test
npm notice run vitest run --reporter=verbose --fileParallelism=false --maxWorkers=1 p9

 RUN  v4.1.11 C:/Users/User/cue/daemon

 ✓ test/p9.test.ts > Phase 9 Electron shell > P9-1 has npm start and a main entrypoint 3ms
 ✓ test/p9.test.ts > Phase 9 Electron shell > P9-2 seals BrowserWindow and exposes an explicit preload API only 2ms
 ✓ test/p9.test.ts > Phase 9 Electron shell > P9-3 freezes channels, rejects unknown channels, and cannot execute before approval 110ms
 ✓ test/p9.test.ts > Phase 9 Electron shell > P9-4 first-run setup chooses a workspace once and reuses the persisted choice 11ms
 ✓ test/p9.test.ts > Phase 9 Electron shell > P9-4 treats a cancelled workspace picker as cancellation and persists nothing 2ms
 ✓ test/p9.test.ts > Phase 9 Electron shell > P9-4 rejects a tampered persisted config instead of trusting stale paths 9ms
 ✓ test/p9.test.ts > Phase 9 Electron shell > P9-4 creates first-run config once, reuses it, and stores no credentials 9ms
 × test/p9.test.ts > Phase 9 Electron shell > P9-5 closes the owned daemon and never restarts after crash 84ms
   → expected 'blocked/crash' to be 'closed' // Object.is equality
 ✓ test/p9.test.ts > Phase 9 Electron shell > P9-6/P9-7 records approval and default autonomy without widening the envelope 73ms
 ✓ test/p9.test.ts > Phase 9 Electron shell > P9-8 emits no notification during normal progress 72ms
 ✓ test/p9.test.ts > Phase 9 Electron shell > P9-9 polls ledger-backed status and exposes an actual stop control 1ms
 × test/p9.test.ts > Phase 9 Electron shell > P9-10 builds completion totals only from ledger rows 7842ms
   → EBUSY: resource busy or locked, unlink 'D:\Temp\User\cue-p9-teTfl5\data\cue-ledger.sqlite'
 ✓ test/p9.test.ts > Phase 9 Electron shell > P9-11 app core has no static Buzz dependency 1ms

⎯⎯⎯⎯⎯⎯⎯ Failed Tests 2 ⎯⎯⎯⎯⎯⎯⎯

 FAIL  test/p9.test.ts > Phase 9 Electron shell > P9-5 closes the owned daemon and never restarts after crash
AssertionError: expected 'blocked/crash' to be 'closed' // Object.is equality

Expected: "closed"
Received: "blocked/crash"

 ❯ test/p9.test.ts:93:86
     91|     const daemon = new AppDaemon(config); const core = createCueCore(c…
     92|     daemon.crash(); expect(daemon.status).toBe('blocked/crash'); expec…
     93|     expect(daemon.status).toBe('blocked/crash'); core.close(); expect(…
       |                                                                                      ^
     94|   });
     95|

⎯⎯⎯⎯⎯⎯⎯⎯⎯⎯⎯⎯⎯⎯⎯⎯⎯⎯⎯⎯⎯⎯⎯⎯[1/2]⎯

 FAIL  test/p9.test.ts > Phase 9 Electron shell > P9-10 builds completion totals only from ledger rows
Error: EBUSY: resource busy or locked, unlink 'D:\Temp\User\cue-p9-teTfl5\data\cue-ledger.sqlite'
⎯⎯⎯⎯⎯⎯⎯⎯⎯⎯⎯⎯⎯⎯⎯⎯⎯⎯⎯⎯⎯⎯⎯⎯⎯⎯⎯⎯⎯⎯
Serialized Error: { errno: -4082, code: 'EBUSY', syscall: 'unlink', path: 'D:\Temp\User\cue-p9-teTfl5\data\cue-ledger.sqlite' }
⎯⎯⎯⎯⎯⎯⎯⎯⎯⎯⎯⎯⎯⎯⎯⎯⎯⎯⎯⎯⎯⎯⎯⎯[2/2]⎯


 Test Files  1 failed (1)
      Tests  2 failed | 11 passed (13)
   Start at  09:41:00
   Duration  9.09s (transform 174ms, setup 0ms, import 531ms, tests 8.22s, environment 0ms)

exit=1
