npm notice run cue-daemon@0.1.0 pretest
npm notice run npm run build
npm notice run cue-daemon@0.1.0 build
npm notice run tsc -p tsconfig.json && node scripts/copy-assets.mjs
npm notice run cue-daemon@0.1.0 test
npm notice run vitest run --reporter=verbose --fileParallelism=false --maxWorkers=1 p13-lifecycle-harness

 RUN  v4.1.11 C:/Users/User/cue/daemon

 ✓ test/p13-lifecycle-harness.test.ts > P13 R-7a lifecycle harness sensitivity (fixtures only) > H1 RED: P1 fails when the tool leaves a child running after a stop request 15298ms
 ✓ test/p13-lifecycle-harness.test.ts > P13 R-7a lifecycle harness sensitivity (fixtures only) > H2 GREEN: P1 passes when the tool takes its children down with it 10852ms
 ✓ test/p13-lifecycle-harness.test.ts > P13 R-7a lifecycle harness sensitivity (fixtures only) > H3 RED: P3 fails when a child outlives a hard-killed supervisor 15138ms
 ✓ test/p13-lifecycle-harness.test.ts > P13 R-7a lifecycle harness sensitivity (fixtures only) > H4 GREEN: P3 passes when nothing outlives a hard-killed supervisor 11031ms
 ✓ test/p13-lifecycle-harness.test.ts > P13 R-7a lifecycle harness sensitivity (fixtures only) > H5 the verdict ignores identical processes outside this run 20436ms
 ✓ test/p13-lifecycle-harness.test.ts > P13 R-7a lifecycle harness sensitivity (fixtures only) > H6 a stop budget that expires is a FAIL, not an inconclusive result 11331ms
 ✓ test/p13-lifecycle-harness.test.ts > P13 R-7a lifecycle harness sensitivity (fixtures only) > H7 GREEN: an obedient tool leaves no residue on the NORMAL exit path 19196ms
 ✓ test/p13-lifecycle-harness.test.ts > P13 R-7a lifecycle harness sensitivity (fixtures only) > H8 RED: the normal path catches residue the stop path would hide 39918ms
 ✓ test/p13-lifecycle-harness.test.ts > P13 R-7a lifecycle harness sensitivity (fixtures only) > H9 RED: a subject that never exits is a FAIL, not a clean normal path 15255ms
 ✓ test/p13-lifecycle-harness.test.ts > P13 R-7a lifecycle harness sensitivity (fixtures only) > H10 B5 needs all three paths; two green paths do not carry the third 1ms
 ✓ test/p13-lifecycle-harness.test.ts > P13 R-7a lifecycle harness sensitivity (fixtures only) > H11 B5 GREEN only when all three paths are independently clean 37577ms
 ✓ test/p13-lifecycle-harness.test.ts > P13 R-7a lifecycle harness sensitivity (fixtures only) > H12 B5 RED: one dirty path sinks the verdict even if the others are clean 41711ms

 Test Files  1 passed (1)
      Tests  12 passed (12)
   Start at  21:56:38
   Duration  238.09s (transform 52ms, setup 0ms, import 143ms, tests 237.75s, environment 0ms)

exit=0
