npm notice run cue-daemon@0.1.0 pretest
npm notice run npm run build
npm notice run cue-daemon@0.1.0 build
npm notice run tsc -p tsconfig.json && node scripts/copy-assets.mjs
npm notice run cue-daemon@0.1.0 test
npm notice run vitest run --reporter=verbose --fileParallelism=false --maxWorkers=1 p13-lifecycle p9 p3a

 RUN  v4.1.11 C:/Users/User/cue/daemon

 ✓ test/p9.test.ts > Phase 9 Electron shell > P9-1 has npm start and a main entrypoint 2ms
 ✓ test/p9.test.ts > Phase 9 Electron shell > P9-2 seals BrowserWindow and exposes an explicit preload API only 2ms
 ✓ test/p9.test.ts > Phase 9 Electron shell > P9-3 freezes channels, rejects unknown channels, and cannot execute before approval 101ms
 ✓ test/p9.test.ts > Phase 9 Electron shell > P9-4 first-run setup chooses a workspace once and reuses the persisted choice 10ms
 ✓ test/p9.test.ts > Phase 9 Electron shell > P9-4 treats a cancelled workspace picker as cancellation and persists nothing 2ms
 ✓ test/p9.test.ts > Phase 9 Electron shell > P9-4 rejects a tampered persisted config instead of trusting stale paths 8ms
 ✓ test/p9.test.ts > Phase 9 Electron shell > P9-4 creates first-run config once, reuses it, and stores no credentials 8ms
 ✓ test/p9.test.ts > Phase 9 Electron shell > P9-5 closes the owned daemon and never restarts after crash 73ms
 ✓ test/p9.test.ts > Phase 9 Electron shell > P9-6/P9-7 records approval and default autonomy without widening the envelope 76ms
 ✓ test/p9.test.ts > Phase 9 Electron shell > P9-8 emits no notification during normal progress 69ms
 ✓ test/p9.test.ts > Phase 9 Electron shell > P9-9 polls ledger-backed status and exposes an actual stop control 1ms
 ✓ test/p9.test.ts > Phase 9 Electron shell > P9-10 builds completion totals only from ledger rows 7489ms
 ✓ test/p9.test.ts > Phase 9 Electron shell > P9-11 app core has no static Buzz dependency 2ms
 ✓ test/p13-lifecycle-barrier.test.ts > P13 runtime lifecycle barrier > P13-L1 close does not resolve until every owned runtime has settled its teardown 155ms
 ✓ test/p13-lifecycle-barrier.test.ts > P13 runtime lifecycle barrier > P13-L2 stop retains the runtime handle until its teardown settles 141ms
 ✓ test/p13-lifecycle-barrier.test.ts > P13 runtime lifecycle barrier > P13-L3 the runtime stop path signals termination without deleting the credential home 1ms
 ✓ test/p13-lifecycle-barrier.test.ts > P13 runtime lifecycle barrier > P13-L4 the Electron quit path blocks the first quit and awaits the close barrier 146ms
 ✓ test/p13-lifecycle-barrier.test.ts > P13 runtime lifecycle barrier > P13-L5 main.mjs delegates quit to the guarded barrier instead of a fire-and-forget close 1ms
 ✓ test/p3a.test.ts > P3-1 canonical envelope > is stable across key and array order and changes for one field 6ms
 ✓ test/p3a.test.ts > P3-2 adapters are transport only > carries raw values and imports no decision or policy module 1ms
 ✓ test/p3a.test.ts > P3-3 fail closed mapping > declines random unknown methods and has no default allow branch 8ms
 ✓ test/p3a.test.ts > P3-4 decision response whitelist > enumerates only the three response decisions and source has no prohibited response or bypass spelling 7ms
 ✓ test/p3a.test.ts > P3-5 permissions response > accepts only a nonempty concrete contained path and fixes turn scope and strict review 5ms
 ✓ test/p3a.test.ts > P3-5 permissions response > declines empty entries 4ms
 ✓ test/p3a.test.ts > P3-5 permissions response > declines glob entries 4ms
 ✓ test/p3a.test.ts > P3-5 permissions response > declines outside entries 4ms
 ✓ test/p3a.test.ts > P3-5 permissions response > declines special root entries 4ms
 ✓ test/p3a.test.ts > P3-5 permissions response > declines special arbitrary entries 4ms
 ✓ test/p3a.test.ts > P3-5 permissions response > models nonempty entries at the type boundary and source constructs no empty accept entries 1ms
 ✓ test/p3a.test.ts > P3-6 preflight > null cwd 4ms
 ✓ test/p3a.test.ts > P3-6 preflight > wrong cwd 4ms
 ✓ test/p3a.test.ts > P3-6 preflight > null command 6ms
 ✓ test/p3a.test.ts > P3-6 preflight > extra outside 4ms
 ✓ test/p3a.test.ts > P3-6 preflight > outside grant 4ms
 ✓ test/p3a.test.ts > P3-6 preflight > auth gate 4ms
 ✓ test/p3a.test.ts > P3-6 preflight > tool 4ms
 ✓ test/p3a.test.ts > P3-6 preflight > elicitation 4ms
 ✓ test/p3a.test.ts > P3-6 preflight > judges writeStdin independently of a parent command decision 5ms
 ✓ test/p3a.test.ts > P3-7 replay prevention > declines a duplicate null approval id and appends a replay alert 6ms
 ✓ test/p3a.test.ts > P3-8 lifetime > declines after expiry and after run end without inheritance 4ms
 ✓ test/p3a.test.ts > P3-10 byte-owned payload classification > classifies actual bytes and cancels opaque, encrypted, and invalid binary payloads 6ms
 ✓ test/p3a.test.ts > P3-13 cancel is danger-only > returns cancel only for the three enumerated reasons across all mapped and rejected paths 10ms
 ✓ test/p3a.test.ts > P3-14 execution profile > generates on-request argv without prohibited flags and source passes grep 1ms
 ✓ test/p3a.test.ts > P3-18 no tool may declare its own capability > registry entries carry identity only and declare no eligibility field 1ms
 ✓ test/p3a.test.ts > P3-18b approval core is blind to tool identity and capability > takes no tool, adapter or eligibility input and always runs mandatoryChecks 0ms

 Test Files  3 passed (3)
      Tests  45 passed (45)
   Start at  09:48:04
   Duration  9.78s (transform 293ms, setup 0ms, import 817ms, tests 8.41s, environment 0ms)

exit=0
