npm notice run cue-daemon@0.1.0 pretest
npm notice run npm run build
npm notice run cue-daemon@0.1.0 build
npm notice run tsc -p tsconfig.json && node scripts/copy-assets.mjs
npm notice run cue-daemon@0.1.0 test
npm notice run vitest run --reporter=verbose --fileParallelism=false --maxWorkers=1 p13-lifecycle-harness

 RUN  v4.1.11 C:/Users/User/cue/daemon

 × test/p13-lifecycle-harness.test.ts > P13 R-7a lifecycle harness sensitivity (fixtures only) > H1 RED: P1 fails when the tool leaves a child running after a stop request 9502ms
   → a tool that ignores stop must not be reported as passing: expected true to be false // Object.is equality
 ✓ test/p13-lifecycle-harness.test.ts > P13 R-7a lifecycle harness sensitivity (fixtures only) > H2 GREEN: P1 passes when the tool takes its children down with it 9591ms
 × test/p13-lifecycle-harness.test.ts > P13 R-7a lifecycle harness sensitivity (fixtures only) > H3 RED: P3 fails when a child outlives a hard-killed supervisor 9564ms
   → expected true to be false // Object.is equality
 ✓ test/p13-lifecycle-harness.test.ts > P13 R-7a lifecycle harness sensitivity (fixtures only) > H4 GREEN: P3 passes when nothing outlives a hard-killed supervisor 9410ms
 ✓ test/p13-lifecycle-harness.test.ts > P13 R-7a lifecycle harness sensitivity (fixtures only) > H5 the verdict ignores identical processes outside this run 19382ms
 × test/p13-lifecycle-harness.test.ts > P13 R-7a lifecycle harness sensitivity (fixtures only) > H6 a stop budget that expires is a FAIL, not an inconclusive result 9461ms
   → expected true to be false // Object.is equality

⎯⎯⎯⎯⎯⎯⎯ Failed Tests 3 ⎯⎯⎯⎯⎯⎯⎯

 FAIL  test/p13-lifecycle-harness.test.ts > P13 R-7a lifecycle harness sensitivity (fixtures only) > H1 RED: P1 fails when the tool leaves a child running after a stop request
AssertionError: a tool that ignores stop must not be reported as passing: expected true to be false // Object.is equality

- Expected
+ Received

- false
+ true

 ❯ test/p13-lifecycle-harness.test.ts:42:88
     40|     expect(subject.scope.members.length, 'closure must contain the roo…
     41|     const outcome = await probeTermination(subject, 6000);
     42|     expect(outcome.passed, 'a tool that ignores stop must not be repor…
       |                                                                                        ^
     43|     expect(outcome.survivors.length).toBeGreaterThan(0);
     44|     expect(outcome.detail).toMatch(/survived the stop request/);

⎯⎯⎯⎯⎯⎯⎯⎯⎯⎯⎯⎯⎯⎯⎯⎯⎯⎯⎯⎯⎯⎯⎯⎯[1/3]⎯

 FAIL  test/p13-lifecycle-harness.test.ts > P13 R-7a lifecycle harness sensitivity (fixtures only) > H3 RED: P3 fails when a child outlives a hard-killed supervisor
AssertionError: expected true to be false // Object.is equality

- Expected
+ Received

- false
+ true

 ❯ test/p13-lifecycle-harness.test.ts:58:28
     56|     const subject = await launch(defective);
     57|     const outcome = await probeParentDeath(subject, 6000);
     58|     expect(outcome.passed).toBe(false);
       |                            ^
     59|     expect(outcome.detail).toMatch(/outlived the hard-killed superviso…
     60|   }, 60_000);

⎯⎯⎯⎯⎯⎯⎯⎯⎯⎯⎯⎯⎯⎯⎯⎯⎯⎯⎯⎯⎯⎯⎯⎯[2/3]⎯

 FAIL  test/p13-lifecycle-harness.test.ts > P13 R-7a lifecycle harness sensitivity (fixtures only) > H6 a stop budget that expires is a FAIL, not an inconclusive result
AssertionError: expected true to be false // Object.is equality

- Expected
+ Received

- false
+ true

 ❯ test/p13-lifecycle-harness.test.ts:89:28
     87|     const subject = await launch(defective);
     88|     const outcome = await probeTermination(subject, 1000);
     89|     expect(outcome.passed).toBe(false);
       |                            ^
     90|     expect(outcome).not.toHaveProperty('inconclusive');
     91|   }, 60_000);

⎯⎯⎯⎯⎯⎯⎯⎯⎯⎯⎯⎯⎯⎯⎯⎯⎯⎯⎯⎯⎯⎯⎯⎯[3/3]⎯


 Test Files  1 failed (1)
      Tests  3 failed | 3 passed (6)
   Start at  17:55:35
   Duration  67.25s (transform 51ms, setup 0ms, import 152ms, tests 66.91s, environment 0ms)

exit=1
